  Wiederherzustellende Projekte werden ermittelt...
  Alle Projekte sind f├╝r die Wiederherstellung auf dem neuesten Stand.
C:\Program Files\dotnet\sdk\10.0.201\Microsoft.Common.CurrentVersion.targets(5395,5): warning MSB3026: "C:\Users\p\Desktop\Project\launcher\backend\obj\Debug\net10.0\win-x64\apphost.exe" konnte nicht in "bin\Debug\net10.0\win-x64\InjectorAPI.exe" kopiert werden. Wiederholung 1 wird in 1000 ms gestartet. The process cannot access the file 'C:\Users\p\Desktop\Project\launcher\backend\bin\Debug\net10.0\win-x64\InjectorAPI.exe' because it is being used by another process. Die Datei wird durch "InjectorAPI (33832)" gesperrt. [C:\Users\p\Desktop\Project\launcher\backend\InjectorAPI.csproj]
C:\Program Files\dotnet\sdk\10.0.201\Microsoft.Common.CurrentVersion.targets(5395,5): warning MSB3026: "C:\Users\p\Desktop\Project\launcher\backend\obj\Debug\net10.0\win-x64\apphost.exe" konnte nicht in "bin\Debug\net10.0\win-x64\InjectorAPI.exe" kopiert werden. Wiederholung 2 wird in 1000 ms gestartet. The process cannot access the file 'C:\Users\p\Desktop\Project\launcher\backend\bin\Debug\net10.0\win-x64\InjectorAPI.exe' because it is being used by another process. Die Datei wird durch "InjectorAPI (33832)" gesperrt. [C:\Users\p\Desktop\Project\launcher\backend\InjectorAPI.csproj]
C:\Program Files\dotnet\sdk\10.0.201\Microsoft.Common.CurrentVersion.targets(5395,5): warning MSB3026: "C:\Users\p\Desktop\Project\launcher\backend\obj\Debug\net10.0\win-x64\apphost.exe" konnte nicht in "bin\Debug\net10.0\win-x64\InjectorAPI.exe" kopiert werden. Wiederholung 3 wird in 1000 ms gestartet. The process cannot access the file 'C:\Users\p\Desktop\Project\launcher\backend\bin\Debug\net10.0\win-x64\InjectorAPI.exe' because it is being used by another process. Die Datei wird durch "InjectorAPI (33832)" gesperrt. [C:\Users\p\Desktop\Project\launcher\backend\InjectorAPI.csproj]
C:\Program Files\dotnet\sdk\10.0.201\Microsoft.Common.CurrentVersion.targets(5395,5): warning MSB3026: "C:\Users\p\Desktop\Project\launcher\backend\obj\Debug\net10.0\win-x64\apphost.exe" konnte nicht in "bin\Debug\net10.0\win-x64\InjectorAPI.exe" kopiert werden. Wiederholung 4 wird in 1000 ms gestartet. The process cannot access the file 'C:\Users\p\Desktop\Project\launcher\backend\bin\Debug\net10.0\win-x64\InjectorAPI.exe' because it is being used by another process. Die Datei wird durch "InjectorAPI (33832)" gesperrt. [C:\Users\p\Desktop\Project\launcher\backend\InjectorAPI.csproj]
C:\Program Files\dotnet\sdk\10.0.201\Microsoft.Common.CurrentVersion.targets(5395,5): warning MSB3026: "C:\Users\p\Desktop\Project\launcher\backend\obj\Debug\net10.0\win-x64\apphost.exe" konnte nicht in "bin\Debug\net10.0\win-x64\InjectorAPI.exe" kopiert werden. Wiederholung 5 wird in 1000 ms gestartet. The process cannot access the file 'C:\Users\p\Desktop\Project\launcher\backend\bin\Debug\net10.0\win-x64\InjectorAPI.exe' because it is being used by another process. Die Datei wird durch "InjectorAPI (33832)" gesperrt. [C:\Users\p\Desktop\Project\launcher\backend\InjectorAPI.csproj]
C:\Program Files\dotnet\sdk\10.0.201\Microsoft.Common.CurrentVersion.targets(5395,5): warning MSB3026: "C:\Users\p\Desktop\Project\launcher\backend\obj\Debug\net10.0\win-x64\apphost.exe" konnte nicht in "bin\Debug\net10.0\win-x64\InjectorAPI.exe" kopiert werden. Wiederholung 6 wird in 1000 ms gestartet. The process cannot access the file 'C:\Users\p\Desktop\Project\launcher\backend\bin\Debug\net10.0\win-x64\InjectorAPI.exe' because it is being used by another process. Die Datei wird durch "InjectorAPI (33832)" gesperrt. [C:\Users\p\Desktop\Project\launcher\backend\InjectorAPI.csproj]
C:\Program Files\dotnet\sdk\10.0.201\Microsoft.Common.CurrentVersion.targets(5395,5): warning MSB3026: "C:\Users\p\Desktop\Project\launcher\backend\obj\Debug\net10.0\win-x64\apphost.exe" konnte nicht in "bin\Debug\net10.0\win-x64\InjectorAPI.exe" kopiert werden. Wiederholung 7 wird in 1000 ms gestartet. The process cannot access the file 'C:\Users\p\Desktop\Project\launcher\backend\bin\Debug\net10.0\win-x64\InjectorAPI.exe' because it is being used by another process. Die Datei wird durch "InjectorAPI (33832)" gesperrt. [C:\Users\p\Desktop\Project\launcher\backend\InjectorAPI.csproj]
C:\Program Files\dotnet\sdk\10.0.201\Microsoft.Common.CurrentVersion.targets(5395,5): warning MSB3026: "C:\Users\p\Desktop\Project\launcher\backend\obj\Debug\net10.0\win-x64\apphost.exe" konnte nicht in "bin\Debug\net10.0\win-x64\InjectorAPI.exe" kopiert werden. Wiederholung 8 wird in 1000 ms gestartet. The process cannot access the file 'C:\Users\p\Desktop\Project\launcher\backend\bin\Debug\net10.0\win-x64\InjectorAPI.exe' because it is being used by another process. Die Datei wird durch "InjectorAPI (33832)" gesperrt. [C:\Users\p\Desktop\Project\launcher\backend\InjectorAPI.csproj]
C:\Program Files\dotnet\sdk\10.0.201\Microsoft.Common.CurrentVersion.targets(5395,5): warning MSB3026: "C:\Users\p\Desktop\Project\launcher\backend\obj\Debug\net10.0\win-x64\apphost.exe" konnte nicht in "bin\Debug\net10.0\win-x64\InjectorAPI.exe" kopiert werden. Wiederholung 9 wird in 1000 ms gestartet. The process cannot access the file 'C:\Users\p\Desktop\Project\launcher\backend\bin\Debug\net10.0\win-x64\InjectorAPI.exe' because it is being used by another process. Die Datei wird durch "InjectorAPI (33832)" gesperrt. [C:\Users\p\Desktop\Project\launcher\backend\InjectorAPI.csproj]
C:\Program Files\dotnet\sdk\10.0.201\Microsoft.Common.CurrentVersion.targets(5395,5): warning MSB3026: "C:\Users\p\Desktop\Project\launcher\backend\obj\Debug\net10.0\win-x64\apphost.exe" konnte nicht in "bin\Debug\net10.0\win-x64\InjectorAPI.exe" kopiert werden. Wiederholung 10 wird in 1000 ms gestartet. The process cannot access the file 'C:\Users\p\Desktop\Project\launcher\backend\bin\Debug\net10.0\win-x64\InjectorAPI.exe' because it is being used by another process. Die Datei wird durch "InjectorAPI (33832)" gesperrt. [C:\Users\p\Desktop\Project\launcher\backend\InjectorAPI.csproj]
C:\Program Files\dotnet\sdk\10.0.201\Microsoft.Common.CurrentVersion.targets(5395,5): error MSB3027: "C:\Users\p\Desktop\Project\launcher\backend\obj\Debug\net10.0\win-x64\apphost.exe" konnte nicht in "bin\Debug\net10.0\win-x64\InjectorAPI.exe" kopiert werden. Die zul├ñssige Anzahl von Wiederholungen von 10 wurde ├╝berschritten. Fehler. Die Datei wird durch "InjectorAPI (33832)" gesperrt. [C:\Users\p\Desktop\Project\launcher\backend\InjectorAPI.csproj]
C:\Program Files\dotnet\sdk\10.0.201\Microsoft.Common.CurrentVersion.targets(5395,5): error MSB3021: Die Datei "C:\Users\p\Desktop\Project\launcher\backend\obj\Debug\net10.0\win-x64\apphost.exe" kann nicht in "bin\Debug\net10.0\win-x64\InjectorAPI.exe" kopiert werden. The process cannot access the file 'C:\Users\p\Desktop\Project\launcher\backend\bin\Debug\net10.0\win-x64\InjectorAPI.exe' because it is being used by another process. [C:\Users\p\Desktop\Project\launcher\backend\InjectorAPI.csproj]

Fehler beim Buildvorgang.

C:\Program Files\dotnet\sdk\10.0.201\Microsoft.Common.CurrentVersion.targets(5395,5): warning MSB3026: "C:\Users\p\Desktop\Project\launcher\backend\obj\Debug\net10.0\win-x64\apphost.exe" konnte nicht in "bin\Debug\net10.0\win-x64\InjectorAPI.exe" kopiert werden. Wiederholung 1 wird in 1000 ms gestartet. The process cannot access the file 'C:\Users\p\Desktop\Project\launcher\backend\bin\Debug\net10.0\win-x64\InjectorAPI.exe' because it is being used by another process. Die Datei wird durch "InjectorAPI (33832)" gesperrt. [C:\Users\p\Desktop\Project\launcher\backend\InjectorAPI.csproj]
C:\Program Files\dotnet\sdk\10.0.201\Microsoft.Common.CurrentVersion.targets(5395,5): warning MSB3026: "C:\Users\p\Desktop\Project\launcher\backend\obj\Debug\net10.0\win-x64\apphost.exe" konnte nicht in "bin\Debug\net10.0\win-x64\InjectorAPI.exe" kopiert werden. Wiederholung 2 wird in 1000 ms gestartet. The process cannot access the file 'C:\Users\p\Desktop\Project\launcher\backend\bin\Debug\net10.0\win-x64\InjectorAPI.exe' because it is being used by another process. Die Datei wird durch "InjectorAPI (33832)" gesperrt. [C:\Users\p\Desktop\Project\launcher\backend\InjectorAPI.csproj]
C:\Program Files\dotnet\sdk\10.0.201\Microsoft.Common.CurrentVersion.targets(5395,5): warning MSB3026: "C:\Users\p\Desktop\Project\launcher\backend\obj\Debug\net10.0\win-x64\apphost.exe" konnte nicht in "bin\Debug\net10.0\win-x64\InjectorAPI.exe" kopiert werden. Wiederholung 3 wird in 1000 ms gestartet. The process cannot access the file 'C:\Users\p\Desktop\Project\launcher\backend\bin\Debug\net10.0\win-x64\InjectorAPI.exe' because it is being used by another process. Die Datei wird durch "InjectorAPI (33832)" gesperrt. [C:\Users\p\Desktop\Project\launcher\backend\InjectorAPI.csproj]
C:\Program Files\dotnet\sdk\10.0.201\Microsoft.Common.CurrentVersion.targets(5395,5): warning MSB3026: "C:\Users\p\Desktop\Project\launcher\backend\obj\Debug\net10.0\win-x64\apphost.exe" konnte nicht in "bin\Debug\net10.0\win-x64\InjectorAPI.exe" kopiert werden. Wiederholung 4 wird in 1000 ms gestartet. The process cannot access the file 'C:\Users\p\Desktop\Project\launcher\backend\bin\Debug\net10.0\win-x64\InjectorAPI.exe' because it is being used by another process. Die Datei wird durch "InjectorAPI (33832)" gesperrt. [C:\Users\p\Desktop\Project\launcher\backend\InjectorAPI.csproj]
C:\Program Files\dotnet\sdk\10.0.201\Microsoft.Common.CurrentVersion.targets(5395,5): warning MSB3026: "C:\Users\p\Desktop\Project\launcher\backend\obj\Debug\net10.0\win-x64\apphost.exe" konnte nicht in "bin\Debug\net10.0\win-x64\InjectorAPI.exe" kopiert werden. Wiederholung 5 wird in 1000 ms gestartet. The process cannot access the file 'C:\Users\p\Desktop\Project\launcher\backend\bin\Debug\net10.0\win-x64\InjectorAPI.exe' because it is being used by another process. Die Datei wird durch "InjectorAPI (33832)" gesperrt. [C:\Users\p\Desktop\Project\launcher\backend\InjectorAPI.csproj]
C:\Program Files\dotnet\sdk\10.0.201\Microsoft.Common.CurrentVersion.targets(5395,5): warning MSB3026: "C:\Users\p\Desktop\Project\launcher\backend\obj\Debug\net10.0\win-x64\apphost.exe" konnte nicht in "bin\Debug\net10.0\win-x64\InjectorAPI.exe" kopiert werden. Wiederholung 6 wird in 1000 ms gestartet. The process cannot access the file 'C:\Users\p\Desktop\Project\launcher\backend\bin\Debug\net10.0\win-x64\InjectorAPI.exe' because it is being used by another process. Die Datei wird durch "InjectorAPI (33832)" gesperrt. [C:\Users\p\Desktop\Project\launcher\backend\InjectorAPI.csproj]
C:\Program Files\dotnet\sdk\10.0.201\Microsoft.Common.CurrentVersion.targets(5395,5): warning MSB3026: "C:\Users\p\Desktop\Project\launcher\backend\obj\Debug\net10.0\win-x64\apphost.exe" konnte nicht in "bin\Debug\net10.0\win-x64\InjectorAPI.exe" kopiert werden. Wiederholung 7 wird in 1000 ms gestartet. The process cannot access the file 'C:\Users\p\Desktop\Project\launcher\backend\bin\Debug\net10.0\win-x64\InjectorAPI.exe' because it is being used by another process. Die Datei wird durch "InjectorAPI (33832)" gesperrt. [C:\Users\p\Desktop\Project\launcher\backend\InjectorAPI.csproj]
C:\Program Files\dotnet\sdk\10.0.201\Microsoft.Common.CurrentVersion.targets(5395,5): warning MSB3026: "C:\Users\p\Desktop\Project\launcher\backend\obj\Debug\net10.0\win-x64\apphost.exe" konnte nicht in "bin\Debug\net10.0\win-x64\InjectorAPI.exe" kopiert werden. Wiederholung 8 wird in 1000 ms gestartet. The process cannot access the file 'C:\Users\p\Desktop\Project\launcher\backend\bin\Debug\net10.0\win-x64\InjectorAPI.exe' because it is being used by another process. Die Datei wird durch "InjectorAPI (33832)" gesperrt. [C:\Users\p\Desktop\Project\launcher\backend\InjectorAPI.csproj]
C:\Program Files\dotnet\sdk\10.0.201\Microsoft.Common.CurrentVersion.targets(5395,5): warning MSB3026: "C:\Users\p\Desktop\Project\launcher\backend\obj\Debug\net10.0\win-x64\apphost.exe" konnte nicht in "bin\Debug\net10.0\win-x64\InjectorAPI.exe" kopiert werden. Wiederholung 9 wird in 1000 ms gestartet. The process cannot access the file 'C:\Users\p\Desktop\Project\launcher\backend\bin\Debug\net10.0\win-x64\InjectorAPI.exe' because it is being used by another process. Die Datei wird durch "InjectorAPI (33832)" gesperrt. [C:\Users\p\Desktop\Project\launcher\backend\InjectorAPI.csproj]
C:\Program Files\dotnet\sdk\10.0.201\Microsoft.Common.CurrentVersion.targets(5395,5): warning MSB3026: "C:\Users\p\Desktop\Project\launcher\backend\obj\Debug\net10.0\win-x64\apphost.exe" konnte nicht in "bin\Debug\net10.0\win-x64\InjectorAPI.exe" kopiert werden. Wiederholung 10 wird in 1000 ms gestartet. The process cannot access the file 'C:\Users\p\Desktop\Project\launcher\backend\bin\Debug\net10.0\win-x64\InjectorAPI.exe' because it is being used by another process. Die Datei wird durch "InjectorAPI (33832)" gesperrt. [C:\Users\p\Desktop\Project\launcher\backend\InjectorAPI.csproj]
C:\Program Files\dotnet\sdk\10.0.201\Microsoft.Common.CurrentVersion.targets(5395,5): error MSB3027: "C:\Users\p\Desktop\Project\launcher\backend\obj\Debug\net10.0\win-x64\apphost.exe" konnte nicht in "bin\Debug\net10.0\win-x64\InjectorAPI.exe" kopiert werden. Die zul├ñssige Anzahl von Wiederholungen von 10 wurde ├╝berschritten. Fehler. Die Datei wird durch "InjectorAPI (33832)" gesperrt. [C:\Users\p\Desktop\Project\launcher\backend\InjectorAPI.csproj]
C:\Program Files\dotnet\sdk\10.0.201\Microsoft.Common.CurrentVersion.targets(5395,5): error MSB3021: Die Datei "C:\Users\p\Desktop\Project\launcher\backend\obj\Debug\net10.0\win-x64\apphost.exe" kann nicht in "bin\Debug\net10.0\win-x64\InjectorAPI.exe" kopiert werden. The process cannot access the file 'C:\Users\p\Desktop\Project\launcher\backend\bin\Debug\net10.0\win-x64\InjectorAPI.exe' because it is being used by another process. [C:\Users\p\Desktop\Project\launcher\backend\InjectorAPI.csproj]
    10 Warnung(en)
    2 Fehler

Verstrichene Zeit 00:00:12.73
